airflow-scheduler
 INFO - ::group::Log message source details
*** Found local files:
***   * /opt/airflow/logs/dag_id=stg2sil__process_whdata/run_id=dataset_triggered__2026-04-01T07:31:25.849805+00:00/task_id=run_dbt_stg/attempt=1.log
 INFO - ::endgroup::
[2026-04-01T07:31:27.728+0000] {local_task_job_runner.py:123} INFO - ::group::Pre task execution logs
[2026-04-01T07:31:27.754+0000] {taskinstance.py:2613} INFO - Dependencies all met for dep_context=non-requeueable deps ti=<TaskInstance: stg2sil__process_whdata.run_dbt_stg dataset_triggered__2026-04-01T07:31:25.849805+00:00 [queued]>
[2026-04-01T07:31:27.766+0000] {taskinstance.py:2613} INFO - Dependencies all met for dep_context=requeueable deps ti=<TaskInstance: stg2sil__process_whdata.run_dbt_stg dataset_triggered__2026-04-01T07:31:25.849805+00:00 [queued]>
[2026-04-01T07:31:27.768+0000] {taskinstance.py:2866} INFO - Starting attempt 1 of 1
[2026-04-01T07:31:27.785+0000] {taskinstance.py:2889} INFO - Executing <Task(PythonOperator): run_dbt_stg> on 2026-04-01 07:31:25.849805+00:00
[2026-04-01T07:31:27.794+0000] {standard_task_runner.py:72} INFO - Started process 1761 to run task
[2026-04-01T07:31:27.798+0000] {standard_task_runner.py:104} INFO - Running: ['***', 'tasks', 'run', 'stg2sil__process_whdata', 'run_dbt_stg', 'dataset_triggered__2026-04-01T07:31:25.849805+00:00', '--job-id', '3237', '--raw', '--subdir', 'DAGS_FOLDER/layer__execution/stg2sil__process_whdata.py', '--cfg-path', '/tmp/tmpzhhffkyt']
[2026-04-01T07:31:27.803+0000] {standard_task_runner.py:105} INFO - Job 3237: Subtask run_dbt_stg
[2026-04-01T07:31:27.906+0000] {task_command.py:467} INFO - Running <TaskInstance: stg2sil__process_whdata.run_dbt_stg dataset_triggered__2026-04-01T07:31:25.849805+00:00 [running]> on host ***-scheduler
[2026-04-01T07:31:28.023+0000] {taskinstance.py:3132} INFO - Exporting env vars: AIRFLOW_CTX_DAG_OWNER='***' AIRFLOW_CTX_DAG_ID='stg2sil__process_whdata' AIRFLOW_CTX_TASK_ID='run_dbt_stg' AIRFLOW_CTX_EXECUTION_DATE='2026-04-01T07:31:25.849805+00:00' AIRFLOW_CTX_TRY_NUMBER='1' AIRFLOW_CTX_DAG_RUN_ID='dataset_triggered__2026-04-01T07:31:25.849805+00:00'
[2026-04-01T07:31:28.026+0000] {taskinstance.py:731} INFO - ::endgroup::
07:31:31  Registered adapter: postgres=1.10.0
07:31:31  Encountered an error:
Compilation Error
  dbt found 1 package(s) specified in packages.yml, but only 0 package(s) installed in dbt_packages. Run "dbt deps" to install package dependencies.
[2026-04-01T07:31:33.453+0000] {logging_mixin.py:190} INFO - 07:31:31  Running with dbt=1.11.7
[2026-04-01T07:31:33.607+0000] {taskinstance.py:3311} ERROR - Task failed with exception
Traceback (most recent call last):
  File "/home/airflow/.local/lib/python3.11/site-packages/airflow/models/taskinstance.py", line 767, in _execute_task
    result = _execute_callable(context=context, **execute_callable_kwargs)
             ^^^^^^^^^^^^^^^^^^^^^^^^^^^^^^^^^^^^^^^^^^^^^^^^^^^^^^^^^^^^^
  File "/home/airflow/.local/lib/python3.11/site-packages/airflow/models/taskinstance.py", line 733, in _execute_callable
    return ExecutionCallableRunner(
           ^^^^^^^^^^^^^^^^^^^^^^^^
  File "/home/airflow/.local/lib/python3.11/site-packages/airflow/utils/operator_helpers.py", line 252, in run
    return self.func(*args, **kwargs)
           ^^^^^^^^^^^^^^^^^^^^^^^^^^
  File "/home/airflow/.local/lib/python3.11/site-packages/airflow/models/baseoperator.py", line 422, in wrapper
    return func(self, *args, **kwargs)
           ^^^^^^^^^^^^^^^^^^^^^^^^^^^
  File "/home/airflow/.local/lib/python3.11/site-packages/airflow/operators/python.py", line 238, in execute
    return_value = self.execute_callable()
                   ^^^^^^^^^^^^^^^^^^^^^^^
  File "/home/airflow/.local/lib/python3.11/site-packages/airflow/operators/python.py", line 256, in execute_callable
    return runner.run(*self.op_args, **self.op_kwargs)
           ^^^^^^^^^^^^^^^^^^^^^^^^^^^^^^^^^^^^^^^^^^^
  File "/home/airflow/.local/lib/python3.11/site-packages/airflow/utils/operator_helpers.py", line 252, in run
    return self.func(*args, **kwargs)
           ^^^^^^^^^^^^^^^^^^^^^^^^^^
  File "/opt/airflow/src/pipeline/audit/decorator.py", line 67, in wrapper
    result = func(**kwargs)
             ^^^^^^^^^^^^^^
  File "/opt/airflow/dags/layer__execution/stg2sil__process_whdata.py", line 50, in run_dbt_stg
    run_dbt(DBT_PROJECT_DIR, selectors=["stg"])
  File "/opt/airflow/src/pipeline/dbt_runner.py", line 35, in run_dbt
    raise RuntimeError(f"dbt run --select {selector} failed with exit code {result.returncode}")
RuntimeError: dbt run --select stg failed with exit code 2
[2026-04-01T07:31:33.628+0000] {taskinstance.py:1225} INFO - Marking task as FAILED. dag_id=stg2sil__process_whdata, task_id=run_dbt_stg, run_id=dataset_triggered__2026-04-01T07:31:25.849805+00:00, execution_date=20260401T073125, start_date=20260401T073127, end_date=20260401T073133
[2026-04-01T07:31:33.644+0000] {taskinstance.py:340} INFO - ::group::Post task execution logs
[2026-04-01T07:31:33.646+0000] {standard_task_runner.py:124} ERROR - Failed to execute job 3237 for task run_dbt_stg (dbt run --select stg failed with exit code 2; 1761)
Traceback (most recent call last):
  File "/home/airflow/.local/lib/python3.11/site-packages/airflow/task/task_runner/standard_task_runner.py", line 117, in _start_by_fork
    ret = args.func(args, dag=self.dag)
          ^^^^^^^^^^^^^^^^^^^^^^^^^^^^^
  File "/home/airflow/.local/lib/python3.11/site-packages/airflow/cli/cli_config.py", line 49, in command
    return func(*args, **kwargs)
           ^^^^^^^^^^^^^^^^^^^^^
  File "/home/airflow/.local/lib/python3.11/site-packages/airflow/utils/cli.py", line 116, in wrapper
    return f(*args, **kwargs)
           ^^^^^^^^^^^^^^^^^^
  File "/home/airflow/.local/lib/python3.11/site-packages/airflow/cli/commands/task_command.py", line 483, in task_run
    task_return_code = _run_task_by_selected_method(args, _dag, ti)
                       ^^^^^^^^^^^^^^^^^^^^^^^^^^^^^^^^^^^^^^^^^^^^
  File "/home/airflow/.local/lib/python3.11/site-packages/airflow/cli/commands/task_command.py", line 256, in _run_task_by_selected_method
    return _run_raw_task(args, ti)
           ^^^^^^^^^^^^^^^^^^^^^^^
  File "/home/airflow/.local/lib/python3.11/site-packages/airflow/cli/commands/task_command.py", line 341, in _run_raw_task
    return ti._run_raw_task(
           ^^^^^^^^^^^^^^^^^
  File "/home/airflow/.local/lib/python3.11/site-packages/airflow/utils/session.py", line 97, in wrapper
    return func(*args, session=session, **kwargs)
           ^^^^^^^^^^^^^^^^^^^^^^^^^^^^^^^^^^^^^^
  File "/home/airflow/.local/lib/python3.11/site-packages/airflow/models/taskinstance.py", line 3005, in _run_raw_task
    return _run_raw_task(
           ^^^^^^^^^^^^^^
  File "/home/airflow/.local/lib/python3.11/site-packages/airflow/models/taskinstance.py", line 273, in _run_raw_task
    TaskInstance._execute_task_with_callbacks(
  File "/home/airflow/.local/lib/python3.11/site-packages/airflow/models/taskinstance.py", line 3159, in _execute_task_with_callbacks
    result = self._execute_task(context, task_orig)
             ^^^^^^^^^^^^^^^^^^^^^^^^^^^^^^^^^^^^^^
  File "/home/airflow/.local/lib/python3.11/site-packages/airflow/models/taskinstance.py", line 3183, in _execute_task
    return _execute_task(self, context, task_orig)
           ^^^^^^^^^^^^^^^^^^^^^^^^^^^^^^^^^^^^^^^
  File "/home/airflow/.local/lib/python3.11/site-packages/airflow/models/taskinstance.py", line 767, in _execute_task
    result = _execute_callable(context=context, **execute_callable_kwargs)
             ^^^^^^^^^^^^^^^^^^^^^^^^^^^^^^^^^^^^^^^^^^^^^^^^^^^^^^^^^^^^^
  File "/home/airflow/.local/lib/python3.11/site-packages/airflow/models/taskinstance.py", line 733, in _execute_callable
    return ExecutionCallableRunner(
           ^^^^^^^^^^^^^^^^^^^^^^^^
  File "/home/airflow/.local/lib/python3.11/site-packages/airflow/utils/operator_helpers.py", line 252, in run
    return self.func(*args, **kwargs)
           ^^^^^^^^^^^^^^^^^^^^^^^^^^
  File "/home/airflow/.local/lib/python3.11/site-packages/airflow/models/baseoperator.py", line 422, in wrapper
    return func(self, *args, **kwargs)
           ^^^^^^^^^^^^^^^^^^^^^^^^^^^
  File "/home/airflow/.local/lib/python3.11/site-packages/airflow/operators/python.py", line 238, in execute
    return_value = self.execute_callable()
                   ^^^^^^^^^^^^^^^^^^^^^^^
  File "/home/airflow/.local/lib/python3.11/site-packages/airflow/operators/python.py", line 256, in execute_callable
    return runner.run(*self.op_args, **self.op_kwargs)
           ^^^^^^^^^^^^^^^^^^^^^^^^^^^^^^^^^^^^^^^^^^^
  File "/home/airflow/.local/lib/python3.11/site-packages/airflow/utils/operator_helpers.py", line 252, in run
    return self.func(*args, **kwargs)
           ^^^^^^^^^^^^^^^^^^^^^^^^^^
  File "/opt/airflow/src/pipeline/audit/decorator.py", line 67, in wrapper
    result = func(**kwargs)
             ^^^^^^^^^^^^^^
  File "/opt/airflow/dags/layer__execution/stg2sil__process_whdata.py", line 50, in run_dbt_stg
    run_dbt(DBT_PROJECT_DIR, selectors=["stg"])
  File "/opt/airflow/src/pipeline/dbt_runner.py", line 35, in run_dbt
    raise RuntimeError(f"dbt run --select {selector} failed with exit code {result.returncode}")
RuntimeError: dbt run --select stg failed with exit code 2
[2026-04-01T07:31:33.676+0000] {local_task_job_runner.py:266} INFO - Task exited with return code 1
[2026-04-01T07:31:33.701+0000] {taskinstance.py:3895} INFO - 0 downstream tasks scheduled from follow-on schedule check
[2026-04-01T07:31:33.706+0000] {local_task_job_runner.py:245} INFO - ::endgroup::
