airflow-scheduler
 INFO - ::group::Log message source details
*** Found local files:
***   * /opt/airflow/logs/dag_id=brz2stg_parquet2postgres_ingestion/run_id=manual__2026-04-01T07:29:13.453418+00:00/task_id=load_to_warehouse/attempt=1.log
 INFO - ::endgroup::
[2026-04-01T07:29:17.924+0000] {local_task_job_runner.py:123} INFO - ::group::Pre task execution logs
[2026-04-01T07:29:17.943+0000] {taskinstance.py:2613} INFO - Dependencies all met for dep_context=non-requeueable deps ti=<TaskInstance: brz2stg_parquet2postgres_ingestion.load_to_warehouse manual__2026-04-01T07:29:13.453418+00:00 [queued]>
[2026-04-01T07:29:17.952+0000] {taskinstance.py:2613} INFO - Dependencies all met for dep_context=requeueable deps ti=<TaskInstance: brz2stg_parquet2postgres_ingestion.load_to_warehouse manual__2026-04-01T07:29:13.453418+00:00 [queued]>
[2026-04-01T07:29:17.954+0000] {taskinstance.py:2866} INFO - Starting attempt 1 of 1
[2026-04-01T07:29:17.965+0000] {taskinstance.py:2889} INFO - Executing <Task(PythonOperator): load_to_warehouse> on 2026-04-01 07:29:13.453418+00:00
[2026-04-01T07:29:17.974+0000] {standard_task_runner.py:72} INFO - Started process 1385 to run task
[2026-04-01T07:29:17.978+0000] {standard_task_runner.py:104} INFO - Running: ['***', 'tasks', 'run', 'brz2stg_parquet2postgres_ingestion', 'load_to_warehouse', 'manual__2026-04-01T07:29:13.453418+00:00', '--job-id', '3235', '--raw', '--subdir', 'DAGS_FOLDER/layer__execution/brz2stg__parquet2postgres_ingestion.py', '--cfg-path', '/tmp/tmpqtgg3afb']
[2026-04-01T07:29:17.981+0000] {standard_task_runner.py:105} INFO - Job 3235: Subtask load_to_warehouse
[2026-04-01T07:29:18.064+0000] {task_command.py:467} INFO - Running <TaskInstance: brz2stg_parquet2postgres_ingestion.load_to_warehouse manual__2026-04-01T07:29:13.453418+00:00 [running]> on host ***-scheduler
[2026-04-01T07:29:18.167+0000] {taskinstance.py:3132} INFO - Exporting env vars: AIRFLOW_CTX_DAG_OWNER='***' AIRFLOW_CTX_DAG_ID='brz2stg_parquet2postgres_ingestion' AIRFLOW_CTX_TASK_ID='load_to_warehouse' AIRFLOW_CTX_EXECUTION_DATE='2026-04-01T07:29:13.453418+00:00' AIRFLOW_CTX_TRY_NUMBER='1' AIRFLOW_CTX_DAG_RUN_ID='manual__2026-04-01T07:29:13.453418+00:00'
[2026-04-01T07:29:18.169+0000] {taskinstance.py:731} INFO - ::endgroup::
[2026-04-01T07:29:19.147+0000] {config_providers_context.py:160} WARNING - Airflow variable 'dlt_secrets_toml' was not found. This Airflow variable is a recommended place to hold the content of secrets.toml.If you do not use Airflow variables to hold dlt configuration or use variables with other names you can ignore this warning.
[2026-04-01T07:29:27.351+0000] {logging_mixin.py:190} WARNING - 2026-04-01 07:29:27,351|[WARNING]|1385|125399956784960|dlt|validate.py|verify_normalized_table:113|In schema `stg_postgres_timesheet_accounting`: The following columns in table 'account_account' did not receive any data during this load and therefore could not have their types inferred:
  - currency_id
  - group_id
  - note
Unless type hints are provided, these columns will not be materialized in the destination.
One way to provide type hints is to use the 'columns' argument in the '@dlt.resource' decorator.  For example:
@dlt.resource(columns={'currency_id': {'data_type': 'text'}})
[2026-04-01T07:29:28.208+0000] {logging_mixin.py:190} INFO - [stg__accounting__postgres_timesheet] Loaded 27-03-2026.parquet → account_account: Pipeline stg_postgres_timesheet_accounting load step completed in 0.41 seconds
1 load package(s) were loaded to destination postgres and into dataset stg__accounting__postgres_timesheet
The postgres destination used postgresql://odoo:***@10.22.4.47:5432/raw_db location to store data
Load package 1775028565.1287045 is LOADED and contains no failed jobs (0 rows)
[2026-04-01T07:29:28.986+0000] {logging_mixin.py:190} INFO - [stg__accounting__postgres_timesheet] Loaded 27-03-2026.parquet → account_account_account_tag: Pipeline stg_postgres_timesheet_accounting load step completed in 0.21 seconds
1 load package(s) were loaded to destination postgres and into dataset stg__accounting__postgres_timesheet
The postgres destination used postgresql://odoo:***@10.22.4.47:5432/raw_db location to store data
Load package 1775028568.4088955 is LOADED and contains no failed jobs (0 rows)
[2026-04-01T07:29:29.408+0000] {logging_mixin.py:190} WARNING - 2026-04-01 07:29:29,408|[WARNING]|1385|125399956784960|dlt|validate.py|verify_normalized_table:113|In schema `stg_postgres_timesheet_accounting`: The following columns in table 'account_account_tag' did not receive any data during this load and therefore could not have their types inferred:
  - color
Unless type hints are provided, these columns will not be materialized in the destination.
One way to provide type hints is to use the 'columns' argument in the '@dlt.resource' decorator.  For example:
@dlt.resource(columns={'color': {'data_type': 'text'}})
[2026-04-01T07:29:29.795+0000] {logging_mixin.py:190} INFO - [stg__accounting__postgres_timesheet] Loaded 27-03-2026.parquet → account_account_tag: Pipeline stg_postgres_timesheet_accounting load step completed in 0.22 seconds
1 load package(s) were loaded to destination postgres and into dataset stg__accounting__postgres_timesheet
The postgres destination used postgresql://odoo:***@10.22.4.47:5432/raw_db location to store data
Load package 1775028569.1826358 is LOADED and contains no failed jobs (0 rows)
[2026-04-01T07:29:30.225+0000] {logging_mixin.py:190} WARNING - 2026-04-01 07:29:30,225|[WARNING]|1385|125399956784960|dlt|validate.py|verify_normalized_table:113|In schema `stg_postgres_timesheet_accounting`: The following columns in table 'account_analytic_account' did not receive any data during this load and therefore could not have their types inferred:
  - code
Unless type hints are provided, these columns will not be materialized in the destination.
One way to provide type hints is to use the 'columns' argument in the '@dlt.resource' decorator.  For example:
@dlt.resource(columns={'code': {'data_type': 'text'}})
[2026-04-01T07:29:30.616+0000] {logging_mixin.py:190} INFO - [stg__accounting__postgres_timesheet] Loaded 27-03-2026.parquet → account_analytic_account: Pipeline stg_postgres_timesheet_accounting load step completed in 0.21 seconds
1 load package(s) were loaded to destination postgres and into dataset stg__accounting__postgres_timesheet
The postgres destination used postgresql://odoo:***@10.22.4.47:5432/raw_db location to store data
Load package 1775028569.985565 is LOADED and contains no failed jobs (0 rows)
[2026-04-01T07:29:31.068+0000] {logging_mixin.py:190} WARNING - 2026-04-01 07:29:31,068|[WARNING]|1385|125399956784960|dlt|validate.py|verify_normalized_table:113|In schema `stg_postgres_timesheet_accounting`: The following columns in table 'account_analytic_applicability' did not receive any data during this load and therefore could not have their types inferred:
  - product_categ_id
Unless type hints are provided, these columns will not be materialized in the destination.
One way to provide type hints is to use the 'columns' argument in the '@dlt.resource' decorator.  For example:
@dlt.resource(columns={'product_categ_id': {'data_type': 'text'}})
[2026-04-01T07:29:31.412+0000] {logging_mixin.py:190} INFO - [stg__accounting__postgres_timesheet] Loaded 27-03-2026.parquet → account_analytic_applicability: Pipeline stg_postgres_timesheet_accounting load step completed in 0.19 seconds
1 load package(s) were loaded to destination postgres and into dataset stg__accounting__postgres_timesheet
The postgres destination used postgresql://odoo:***@10.22.4.47:5432/raw_db location to store data
Load package 1775028570.8185053 is LOADED and contains no failed jobs (0 rows)
[2026-04-01T07:29:31.828+0000] {logging_mixin.py:190} WARNING - 2026-04-01 07:29:31,828|[WARNING]|1385|125399956784960|dlt|validate.py|verify_normalized_table:113|In schema `stg_postgres_timesheet_accounting`: The following columns in table 'account_analytic_plan' did not receive any data during this load and therefore could not have their types inferred:
  - description
  - parent_id
Unless type hints are provided, these columns will not be materialized in the destination.
One way to provide type hints is to use the 'columns' argument in the '@dlt.resource' decorator.  For example:
@dlt.resource(columns={'description': {'data_type': 'text'}})
[2026-04-01T07:29:32.192+0000] {logging_mixin.py:190} INFO - [stg__accounting__postgres_timesheet] Loaded 27-03-2026.parquet → account_analytic_plan: Pipeline stg_postgres_timesheet_accounting load step completed in 0.20 seconds
1 load package(s) were loaded to destination postgres and into dataset stg__accounting__postgres_timesheet
The postgres destination used postgresql://odoo:***@10.22.4.47:5432/raw_db location to store data
Load package 1775028571.601223 is LOADED and contains no failed jobs (0 rows)
[2026-04-01T07:29:32.883+0000] {logging_mixin.py:190} WARNING - 2026-04-01 07:29:32,883|[WARNING]|1385|125399956784960|dlt|validate.py|verify_normalized_table:113|In schema `stg_postgres_timesheet_accounting`: The following columns in table 'account_bank_statement' did not receive any data during this load and therefore could not have their types inferred:
  - reference
Unless type hints are provided, these columns will not be materialized in the destination.
One way to provide type hints is to use the 'columns' argument in the '@dlt.resource' decorator.  For example:
@dlt.resource(columns={'reference': {'data_type': 'text'}})
[2026-04-01T07:29:33.301+0000] {logging_mixin.py:190} INFO - [stg__accounting__postgres_timesheet] Loaded 27-03-2026.parquet → account_bank_statement: Pipeline stg_postgres_timesheet_accounting load step completed in 0.24 seconds
1 load package(s) were loaded to destination postgres and into dataset stg__accounting__postgres_timesheet
The postgres destination used postgresql://odoo:***@10.22.4.47:5432/raw_db location to store data
Load package 1775028572.6322548 is LOADED and contains no failed jobs (0 rows)
[2026-04-01T07:29:33.753+0000] {logging_mixin.py:190} WARNING - 2026-04-01 07:29:33,753|[WARNING]|1385|125399956784960|dlt|validate.py|verify_normalized_table:113|In schema `stg_postgres_timesheet_accounting`: The following columns in table 'account_bank_statement_line' did not receive any data during this load and therefore could not have their types inferred:
  - account_number
  - foreign_currency_id
  - partner_name
  - transaction_details
  - transaction_type
Unless type hints are provided, these columns will not be materialized in the destination.
One way to provide type hints is to use the 'columns' argument in the '@dlt.resource' decorator.  For example:
@dlt.resource(columns={'account_number': {'data_type': 'text'}})
[2026-04-01T07:29:34.156+0000] {logging_mixin.py:190} INFO - [stg__accounting__postgres_timesheet] Loaded 27-03-2026.parquet → account_bank_statement_line: Pipeline stg_postgres_timesheet_accounting load step completed in 0.24 seconds
1 load package(s) were loaded to destination postgres and into dataset stg__accounting__postgres_timesheet
The postgres destination used postgresql://odoo:***@10.22.4.47:5432/raw_db location to store data
Load package 1775028573.5052934 is LOADED and contains no failed jobs (0 rows)
[2026-04-01T07:29:34.695+0000] {logging_mixin.py:190} WARNING - 2026-04-01 07:29:34,695|[WARNING]|1385|125399956784960|dlt|validate.py|verify_normalized_table:113|In schema `stg_postgres_timesheet_accounting`: The following columns in table 'account_full_reconcile' did not receive any data during this load and therefore could not have their types inferred:
  - exchange_move_id
Unless type hints are provided, these columns will not be materialized in the destination.
One way to provide type hints is to use the 'columns' argument in the '@dlt.resource' decorator.  For example:
@dlt.resource(columns={'exchange_move_id': {'data_type': 'text'}})
[2026-04-01T07:29:35.132+0000] {logging_mixin.py:190} INFO - [stg__accounting__postgres_timesheet] Loaded 27-03-2026.parquet → account_full_reconcile: Pipeline stg_postgres_timesheet_accounting load step completed in 0.24 seconds
1 load package(s) were loaded to destination postgres and into dataset stg__accounting__postgres_timesheet
The postgres destination used postgresql://odoo:***@10.22.4.47:5432/raw_db location to store data
Load package 1775028574.401137 is LOADED and contains no failed jobs (0 rows)
[2026-04-01T07:29:36.047+0000] {logging_mixin.py:190} INFO - [stg__accounting__postgres_timesheet] Loaded 27-03-2026.parquet → account_incoterms: Pipeline stg_postgres_timesheet_accounting load step completed in 0.22 seconds
1 load package(s) were loaded to destination postgres and into dataset stg__accounting__postgres_timesheet
The postgres destination used postgresql://odoo:***@10.22.4.47:5432/raw_db location to store data
Load package 1775028575.310744 is LOADED and contains no failed jobs (0 rows)
[2026-04-01T07:29:36.544+0000] {logging_mixin.py:190} WARNING - 2026-04-01 07:29:36,544|[WARNING]|1385|125399956784960|dlt|validate.py|verify_normalized_table:113|In schema `stg_postgres_timesheet_accounting`: The following columns in table 'account_journal' did not receive any data during this load and therefore could not have their types inferred:
  - access_token
  - bank_account_id
  - currency_id
  - restrict_mode_hash_table
  - sale_activity_note
  - sale_activity_type_id
  - sale_activity_user_id
  - secure_sequence_id
  - sequence_override_regex
Unless type hints are provided, these columns will not be materialized in the destination.
One way to provide type hints is to use the 'columns' argument in the '@dlt.resource' decorator.  For example:
@dlt.resource(columns={'access_token': {'data_type': 'text'}})
[2026-04-01T07:29:37.037+0000] {logging_mixin.py:190} INFO - [stg__accounting__postgres_timesheet] Loaded 27-03-2026.parquet → account_journal: Pipeline stg_postgres_timesheet_accounting load step completed in 0.26 seconds
1 load package(s) were loaded to destination postgres and into dataset stg__accounting__postgres_timesheet
The postgres destination used postgresql://odoo:***@10.22.4.47:5432/raw_db location to store data
Load package 1775028576.2629876 is LOADED and contains no failed jobs (0 rows)
[2026-04-01T07:29:38.194+0000] {logging_mixin.py:190} WARNING - 2026-04-01 07:29:38,194|[WARNING]|1385|125399956784960|dlt|validate.py|verify_normalized_table:113|In schema `stg_postgres_timesheet_accounting`: The following columns in table 'account_move' did not receive any data during this load and therefore could not have their types inferred:
  - auto_post_origin_id
  - auto_post_until
  - campaign_id
  - fiscal_position_id
  - inalterable_hash
  - incoterm_location
  - invoice_cash_rounding_id
  - invoice_incoterm_id
  - invoice_origin
  - invoice_source_email
  - medium_id
  - narration
  - partner_bank_id
  - preferred_payment_method_id
  - qr_code_method
  - quick_edit_total_amount
  - reversed_entry_id
  - secure_sequence_number
  - send_and_print_values
  - source_id
  - tax_cash_basis_origin_move_id
  - tax_cash_basis_rec_id
  - to_check
Unless type hints are provided, these columns will not be materialized in the destination.
One way to provide type hints is to use the 'columns' argument in the '@dlt.resource' decorator.  For example:
@dlt.resource(columns={'auto_post_origin_id': {'data_type': 'text'}})
[2026-04-01T07:29:38.833+0000] {logging_mixin.py:190} INFO - [stg__accounting__postgres_timesheet] Loaded 27-03-2026.parquet → account_move: Pipeline stg_postgres_timesheet_accounting load step completed in 0.44 seconds
1 load package(s) were loaded to destination postgres and into dataset stg__accounting__postgres_timesheet
The postgres destination used postgresql://odoo:***@10.22.4.47:5432/raw_db location to store data
Load package 1775028577.279376 is LOADED and contains no failed jobs (0 rows)
[2026-04-01T07:29:40.286+0000] {logging_mixin.py:190} WARNING - 2026-04-01 07:29:40,286|[WARNING]|1385|125399956784960|dlt|validate.py|verify_normalized_table:113|In schema `stg_postgres_timesheet_accounting`: The following columns in table 'account_move_line' did not receive any data during this load and therefore could not have their types inferred:
  - analytic_distribution
  - discount_date
  - group_tax_id
  - is_downpayment
  - purchase_line_id
  - reconcile_model_id
Unless type hints are provided, these columns will not be materialized in the destination.
One way to provide type hints is to use the 'columns' argument in the '@dlt.resource' decorator.  For example:
@dlt.resource(columns={'analytic_distribution': {'data_type': 'text'}})
[2026-04-01T07:29:41.126+0000] {logging_mixin.py:190} INFO - [stg__accounting__postgres_timesheet] Loaded 27-03-2026.parquet → account_move_line: Pipeline stg_postgres_timesheet_accounting load step completed in 0.67 seconds
1 load package(s) were loaded to destination postgres and into dataset stg__accounting__postgres_timesheet
The postgres destination used postgresql://odoo:***@10.22.4.47:5432/raw_db location to store data
Load package 1775028579.0913603 is LOADED and contains no failed jobs (0 rows)
[2026-04-01T07:29:41.533+0000] {logging_mixin.py:190} WARNING - 2026-04-01 07:29:41,532|[WARNING]|1385|125399956784960|dlt|validate.py|verify_normalized_table:113|In schema `stg_postgres_timesheet_accounting`: The following columns in table 'account_partial_reconcile' did not receive any data during this load and therefore could not have their types inferred:
  - exchange_move_id
Unless type hints are provided, these columns will not be materialized in the destination.
One way to provide type hints is to use the 'columns' argument in the '@dlt.resource' decorator.  For example:
@dlt.resource(columns={'exchange_move_id': {'data_type': 'text'}})
[2026-04-01T07:29:41.879+0000] {logging_mixin.py:190} INFO - [stg__accounting__postgres_timesheet] Loaded 27-03-2026.parquet → account_partial_reconcile: Pipeline stg_postgres_timesheet_accounting load step completed in 0.19 seconds
1 load package(s) were loaded to destination postgres and into dataset stg__accounting__postgres_timesheet
The postgres destination used postgresql://odoo:***@10.22.4.47:5432/raw_db location to store data
Load package 1775028581.3071382 is LOADED and contains no failed jobs (0 rows)
[2026-04-01T07:29:42.457+0000] {logging_mixin.py:190} WARNING - 2026-04-01 07:29:42,457|[WARNING]|1385|125399956784960|dlt|validate.py|verify_normalized_table:113|In schema `stg_postgres_timesheet_accounting`: The following columns in table 'account_payment' did not receive any data during this load and therefore could not have their types inferred:
  - check_number
  - destination_journal_id
  - message_main_attachment_id
  - paired_internal_transfer_payment_id
  - partner_bank_id
  - payment_reference
  - payment_token_id
  - payment_transaction_id
  - source_payment_id
Unless type hints are provided, these columns will not be materialized in the destination.
One way to provide type hints is to use the 'columns' argument in the '@dlt.resource' decorator.  For example:
@dlt.resource(columns={'check_number': {'data_type': 'text'}})
[2026-04-01T07:29:42.875+0000] {logging_mixin.py:190} INFO - [stg__accounting__postgres_timesheet] Loaded 27-03-2026.parquet → account_payment: Pipeline stg_postgres_timesheet_accounting load step completed in 0.26 seconds
1 load package(s) were loaded to destination postgres and into dataset stg__accounting__postgres_timesheet
The postgres destination used postgresql://odoo:***@10.22.4.47:5432/raw_db location to store data
Load package 1775028582.0660744 is LOADED and contains no failed jobs (0 rows)
[2026-04-01T07:29:43.709+0000] {logging_mixin.py:190} INFO - [stg__accounting__postgres_timesheet] Loaded 27-03-2026.parquet → account_payment_method: Pipeline stg_postgres_timesheet_accounting load step completed in 0.21 seconds
1 load package(s) were loaded to destination postgres and into dataset stg__accounting__postgres_timesheet
The postgres destination used postgresql://odoo:***@10.22.4.47:5432/raw_db location to store data
Load package 1775028583.1025958 is LOADED and contains no failed jobs (0 rows)
[2026-04-01T07:29:44.108+0000] {logging_mixin.py:190} WARNING - 2026-04-01 07:29:44,108|[WARNING]|1385|125399956784960|dlt|validate.py|verify_normalized_table:113|In schema `stg_postgres_timesheet_accounting`: The following columns in table 'account_payment_method_line' did not receive any data during this load and therefore could not have their types inferred:
  - payment_account_id
  - payment_provider_id
Unless type hints are provided, these columns will not be materialized in the destination.
One way to provide type hints is to use the 'columns' argument in the '@dlt.resource' decorator.  For example:
@dlt.resource(columns={'payment_account_id': {'data_type': 'text'}})
[2026-04-01T07:29:44.708+0000] {logging_mixin.py:190} INFO - [stg__accounting__postgres_timesheet] Loaded 27-03-2026.parquet → account_payment_method_line: Pipeline stg_postgres_timesheet_accounting load step completed in 0.22 seconds
1 load package(s) were loaded to destination postgres and into dataset stg__accounting__postgres_timesheet
The postgres destination used postgresql://odoo:***@10.22.4.47:5432/raw_db location to store data
Load package 1775028583.8906326 is LOADED and contains no failed jobs (0 rows)
[2026-04-01T07:29:45.154+0000] {logging_mixin.py:190} WARNING - 2026-04-01 07:29:45,154|[WARNING]|1385|125399956784960|dlt|validate.py|verify_normalized_table:113|In schema `stg_postgres_timesheet_accounting`: The following columns in table 'account_payment_term' did not receive any data during this load and therefore could not have their types inferred:
  - company_id
Unless type hints are provided, these columns will not be materialized in the destination.
One way to provide type hints is to use the 'columns' argument in the '@dlt.resource' decorator.  For example:
@dlt.resource(columns={'company_id': {'data_type': 'text'}})
[2026-04-01T07:29:45.540+0000] {logging_mixin.py:190} INFO - [stg__accounting__postgres_timesheet] Loaded 27-03-2026.parquet → account_payment_term: Pipeline stg_postgres_timesheet_accounting load step completed in 0.22 seconds
1 load package(s) were loaded to destination postgres and into dataset stg__accounting__postgres_timesheet
The postgres destination used postgresql://odoo:***@10.22.4.47:5432/raw_db location to store data
Load package 1775028584.9086957 is LOADED and contains no failed jobs (0 rows)
[2026-04-01T07:29:46.583+0000] {logging_mixin.py:190} INFO - [stg__accounting__postgres_timesheet] Loaded 27-03-2026.parquet → account_payment_term_line: Pipeline stg_postgres_timesheet_accounting load step completed in 0.25 seconds
1 load package(s) were loaded to destination postgres and into dataset stg__accounting__postgres_timesheet
The postgres destination used postgresql://odoo:***@10.22.4.47:5432/raw_db location to store data
Load package 1775028585.8298614 is LOADED and contains no failed jobs (0 rows)
[2026-04-01T07:29:47.098+0000] {logging_mixin.py:190} WARNING - 2026-04-01 07:29:47,098|[WARNING]|1385|125399956784960|dlt|validate.py|verify_normalized_table:113|In schema `stg_postgres_timesheet_accounting`: The following columns in table 'account_reconcile_model' did not receive any data during this load and therefore could not have their types inferred:
  - match_amount
  - match_amount_max
  - match_amount_min
  - match_note
  - match_note_param
  - match_transaction_type
  - match_transaction_type_param
Unless type hints are provided, these columns will not be materialized in the destination.
One way to provide type hints is to use the 'columns' argument in the '@dlt.resource' decorator.  For example:
@dlt.resource(columns={'match_amount': {'data_type': 'text'}})
[2026-04-01T07:29:47.572+0000] {logging_mixin.py:190} INFO - [stg__accounting__postgres_timesheet] Loaded 27-03-2026.parquet → account_reconcile_model: Pipeline stg_postgres_timesheet_accounting load step completed in 0.29 seconds
1 load package(s) were loaded to destination postgres and into dataset stg__accounting__postgres_timesheet
The postgres destination used postgresql://odoo:***@10.22.4.47:5432/raw_db location to store data
Load package 1775028586.8247306 is LOADED and contains no failed jobs (0 rows)
[2026-04-01T07:29:48.025+0000] {logging_mixin.py:190} WARNING - 2026-04-01 07:29:48,025|[WARNING]|1385|125399956784960|dlt|validate.py|verify_normalized_table:113|In schema `stg_postgres_timesheet_accounting`: The following columns in table 'account_reconcile_model_line' did not receive any data during this load and therefore could not have their types inferred:
  - analytic_distribution
  - force_tax_included
  - journal_id
Unless type hints are provided, these columns will not be materialized in the destination.
One way to provide type hints is to use the 'columns' argument in the '@dlt.resource' decorator.  For example:
@dlt.resource(columns={'analytic_distribution': {'data_type': 'text'}})
[2026-04-01T07:29:48.399+0000] {logging_mixin.py:190} INFO - [stg__accounting__postgres_timesheet] Loaded 27-03-2026.parquet → account_reconcile_model_line: Pipeline stg_postgres_timesheet_accounting load step completed in 0.22 seconds
1 load package(s) were loaded to destination postgres and into dataset stg__accounting__postgres_timesheet
The postgres destination used postgresql://odoo:***@10.22.4.47:5432/raw_db location to store data
Load package 1775028587.7667286 is LOADED and contains no failed jobs (0 rows)
[2026-04-01T07:29:48.829+0000] {logging_mixin.py:190} WARNING - 2026-04-01 07:29:48,828|[WARNING]|1385|125399956784960|dlt|validate.py|verify_normalized_table:113|In schema `stg_postgres_timesheet_accounting`: The following columns in table 'account_report' did not receive any data during this load and therefore could not have their types inferred:
  - chart_template
  - load_more_limit
  - prefix_groups_threshold
  - search_bar
Unless type hints are provided, these columns will not be materialized in the destination.
One way to provide type hints is to use the 'columns' argument in the '@dlt.resource' decorator.  For example:
@dlt.resource(columns={'chart_template': {'data_type': 'text'}})
[2026-04-01T07:29:49.245+0000] {logging_mixin.py:190} INFO - [stg__accounting__postgres_timesheet] Loaded 27-03-2026.parquet → account_report: Pipeline stg_postgres_timesheet_accounting load step completed in 0.25 seconds
1 load package(s) were loaded to destination postgres and into dataset stg__accounting__postgres_timesheet
The postgres destination used postgresql://odoo:***@10.22.4.47:5432/raw_db location to store data
Load package 1775028588.5748374 is LOADED and contains no failed jobs (0 rows)
[2026-04-01T07:29:49.696+0000] {logging_mixin.py:190} WARNING - 2026-04-01 07:29:49,695|[WARNING]|1385|125399956784960|dlt|validate.py|verify_normalized_table:113|In schema `stg_postgres_timesheet_accounting`: The following columns in table 'account_report_column' did not receive any data during this load and therefore could not have their types inferred:
  - blank_if_zero
  - custom_audit_action_id
  - sortable
Unless type hints are provided, these columns will not be materialized in the destination.
One way to provide type hints is to use the 'columns' argument in the '@dlt.resource' decorator.  For example:
@dlt.resource(columns={'blank_if_zero': {'data_type': 'text'}})
[2026-04-01T07:29:50.151+0000] {logging_mixin.py:190} INFO - [stg__accounting__postgres_timesheet] Loaded 27-03-2026.parquet → account_report_column: Pipeline stg_postgres_timesheet_accounting load step completed in 0.30 seconds
1 load package(s) were loaded to destination postgres and into dataset stg__accounting__postgres_timesheet
The postgres destination used postgresql://odoo:***@10.22.4.47:5432/raw_db location to store data
Load package 1775028589.44943 is LOADED and contains no failed jobs (0 rows)
[2026-04-01T07:29:50.980+0000] {logging_mixin.py:190} WARNING - 2026-04-01 07:29:50,979|[WARNING]|1385|125399956784960|dlt|validate.py|verify_normalized_table:113|In schema `stg_postgres_timesheet_accounting`: The following columns in table 'account_report_expression' did not receive any data during this load and therefore could not have their types inferred:
  - blank_if_zero
  - carryover_target
  - figure_type
  - subformula
Unless type hints are provided, these columns will not be materialized in the destination.
One way to provide type hints is to use the 'columns' argument in the '@dlt.resource' decorator.  For example:
@dlt.resource(columns={'blank_if_zero': {'data_type': 'text'}})
[2026-04-01T07:29:51.512+0000] {logging_mixin.py:190} INFO - [stg__accounting__postgres_timesheet] Loaded 27-03-2026.parquet → account_report_expression: Pipeline stg_postgres_timesheet_accounting load step completed in 0.34 seconds
1 load package(s) were loaded to destination postgres and into dataset stg__accounting__postgres_timesheet
The postgres destination used postgresql://odoo:***@10.22.4.47:5432/raw_db location to store data
Load package 1775028590.359393 is LOADED and contains no failed jobs (0 rows)
[2026-04-01T07:29:51.965+0000] {logging_mixin.py:190} WARNING - 2026-04-01 07:29:51,965|[WARNING]|1385|125399956784960|dlt|validate.py|verify_normalized_table:113|In schema `stg_postgres_timesheet_accounting`: The following columns in table 'account_report_line' did not receive any data during this load and therefore could not have their types inferred:
  - action_id
  - foldable
  - groupby
  - hide_if_zero
  - print_on_new_page
  - user_groupby
Unless type hints are provided, these columns will not be materialized in the destination.
One way to provide type hints is to use the 'columns' argument in the '@dlt.resource' decorator.  For example:
@dlt.resource(columns={'action_id': {'data_type': 'text'}})
[2026-04-01T07:29:52.467+0000] {logging_mixin.py:190} INFO - [stg__accounting__postgres_timesheet] Loaded 27-03-2026.parquet → account_report_line: Pipeline stg_postgres_timesheet_accounting load step completed in 0.32 seconds
1 load package(s) were loaded to destination postgres and into dataset stg__accounting__postgres_timesheet
The postgres destination used postgresql://odoo:***@10.22.4.47:5432/raw_db location to store data
Load package 1775028591.7120821 is LOADED and contains no failed jobs (0 rows)
[2026-04-01T07:29:53.056+0000] {logging_mixin.py:190} WARNING - 2026-04-01 07:29:53,056|[WARNING]|1385|125399956784960|dlt|validate.py|verify_normalized_table:113|In schema `stg_postgres_timesheet_accounting`: The following columns in table 'account_tax' did not receive any data during this load and therefore could not have their types inferred:
  - analytic
  - cash_basis_transition_account_id
  - tax_scope
Unless type hints are provided, these columns will not be materialized in the destination.
One way to provide type hints is to use the 'columns' argument in the '@dlt.resource' decorator.  For example:
@dlt.resource(columns={'analytic': {'data_type': 'text'}})
[2026-04-01T07:29:53.518+0000] {logging_mixin.py:190} INFO - [stg__accounting__postgres_timesheet] Loaded 27-03-2026.parquet → account_tax: Pipeline stg_postgres_timesheet_accounting load step completed in 0.29 seconds
1 load package(s) were loaded to destination postgres and into dataset stg__accounting__postgres_timesheet
The postgres destination used postgresql://odoo:***@10.22.4.47:5432/raw_db location to store data
Load package 1775028592.7534144 is LOADED and contains no failed jobs (0 rows)
[2026-04-01T07:29:54.064+0000] {logging_mixin.py:190} WARNING - 2026-04-01 07:29:54,064|[WARNING]|1385|125399956784960|dlt|validate.py|verify_normalized_table:113|In schema `stg_postgres_timesheet_accounting`: The following columns in table 'account_tax_group' did not receive any data during this load and therefore could not have their types inferred:
  - advance_tax_payment_account_id
  - preceding_subtotal
Unless type hints are provided, these columns will not be materialized in the destination.
One way to provide type hints is to use the 'columns' argument in the '@dlt.resource' decorator.  For example:
@dlt.resource(columns={'advance_tax_payment_account_id': {'data_type': 'text'}})
[2026-04-01T07:29:54.543+0000] {logging_mixin.py:190} INFO - [stg__accounting__postgres_timesheet] Loaded 27-03-2026.parquet → account_tax_group: Pipeline stg_postgres_timesheet_accounting load step completed in 0.28 seconds
1 load package(s) were loaded to destination postgres and into dataset stg__accounting__postgres_timesheet
The postgres destination used postgresql://odoo:***@10.22.4.47:5432/raw_db location to store data
Load package 1775028593.7943938 is LOADED and contains no failed jobs (0 rows)
[2026-04-01T07:29:55.568+0000] {logging_mixin.py:190} INFO - [stg__accounting__postgres_timesheet] Loaded 27-03-2026.parquet → account_tax_repartition_line: Pipeline stg_postgres_timesheet_accounting load step completed in 0.26 seconds
1 load package(s) were loaded to destination postgres and into dataset stg__accounting__postgres_timesheet
The postgres destination used postgresql://odoo:***@10.22.4.47:5432/raw_db location to store data
Load package 1775028594.8126526 is LOADED and contains no failed jobs (0 rows)
[2026-04-01T07:29:56.585+0000] {logging_mixin.py:190} INFO - [stg__accounting__postgres_timesheet] Loaded 27-03-2026.parquet → cost_allocation_unit: Pipeline stg_postgres_timesheet_accounting load step completed in 0.30 seconds
1 load package(s) were loaded to destination postgres and into dataset stg__accounting__postgres_timesheet
The postgres destination used postgresql://odoo:***@10.22.4.47:5432/raw_db location to store data
Load package 1775028595.775415 is LOADED and contains no failed jobs (0 rows)
[2026-04-01T07:29:57.141+0000] {logging_mixin.py:190} WARNING - 2026-04-01 07:29:57,141|[WARNING]|1385|125399956784960|dlt|validate.py|verify_normalized_table:113|In schema `stg_postgres_timesheet_accounting`: The following columns in table 'savvycom_project_project' did not receive any data during this load and therefore could not have their types inferred:
  - board_id_jira
  - department_id
  - jira_project_key
  - last_jira_sync_date
  - project_id_jira
  - sprint_active
Unless type hints are provided, these columns will not be materialized in the destination.
One way to provide type hints is to use the 'columns' argument in the '@dlt.resource' decorator.  For example:
@dlt.resource(columns={'board_id_jira': {'data_type': 'text'}})
[2026-04-01T07:29:57.624+0000] {logging_mixin.py:190} INFO - [stg__accounting__postgres_timesheet] Loaded 01-04-2026.parquet → savvycom_project_project: Pipeline stg_postgres_timesheet_accounting load step completed in 0.31 seconds
1 load package(s) were loaded to destination postgres and into dataset stg__accounting__postgres_timesheet
The postgres destination used postgresql://odoo:***@10.22.4.47:5432/raw_db location to store data
Load package 1775028596.8313017 is LOADED and contains no failed jobs (0 rows)
[2026-04-01T07:29:59.502+0000] {logging_mixin.py:190} INFO - [stg__accounting__postgres_timesheet] Loaded 01-04-2026.parquet → savvycom_project_project_member: Pipeline stg_postgres_timesheet_accounting load step completed in 0.81 seconds
1 load package(s) were loaded to destination postgres and into dataset stg__accounting__postgres_timesheet
The postgres destination used postgresql://odoo:***@10.22.4.47:5432/raw_db location to store data
Load package 1775028598.0943007 is LOADED and contains no failed jobs (0 rows)
[2026-04-01T07:31:04.328+0000] {logging_mixin.py:190} WARNING - 2026-04-01 07:31:04,328|[WARNING]|1385|125399956784960|dlt|validate.py|verify_normalized_table:113|In schema `stg_postgres_timesheet_accounting`: The following columns in table 'adjusted_attendance_register' did not receive any data during this load and therefore could not have their types inferred:
  - absent
  - actual_working_hours_diff
  - attendance_summary_log_id
  - break_hours_diff
  - cto_diff
  - dh_overtime_ex_hours_diff
  - dh_overtime_hours_diff
  - dh_overtime_nd_ex_hours_diff
  - dh_overtime_nd_hours_diff
  - excused_late
  - excused_undertime
  - is_no_work
  - is_working
  - late_hours_diff
  - leave
  - lh_overtime_ex_hours_diff
  - lh_overtime_hours_diff
  - lh_overtime_nd_ex_hours_diff
  - lh_overtime_nd_hours_diff
  - links
  - lwop
  - night_diff_hours_diff
  - official_business
  - overtime_ex_diff
  - overtime_hours_diff
  - overtime_nd_diff
  - overtime_nd_ex_diff
  - payroll_period_id
  - rd_overtime_ex_hours_diff
  - rd_overtime_hours_diff
  - rd_overtime_nd_ex_hours_diff
  - rd_overtime_nd_hours_diff
  - sh_overtime_ex_hours_diff
  - sh_overtime_hours_diff
  - sh_overtime_nd_ex_hours_diff
  - sh_overtime_nd_hours_diff
  - special_holiday_names
  - undertime_hours_diff
  - work_hours_diff
  - work_shift_hours_diff
Unless type hints are provided, these columns will not be materialized in the destination.
One way to provide type hints is to use the 'columns' argument in the '@dlt.resource' decorator.  For example:
@dlt.resource(columns={'absent': {'data_type': 'text'}})
[2026-04-01T07:31:21.138+0000] {logging_mixin.py:190} INFO - [stg__accounting__postgres_timesheet] Loaded 01-04-2026.parquet → adjusted_attendance_register: Pipeline stg_postgres_timesheet_accounting load step completed in 16.62 seconds
1 load package(s) were loaded to destination postgres and into dataset stg__accounting__postgres_timesheet
The postgres destination used postgresql://odoo:***@10.22.4.47:5432/raw_db location to store data
Load package 1775028599.7188296 is LOADED and contains no failed jobs (0 rows)
[2026-04-01T07:31:22.402+0000] {logging_mixin.py:190} WARNING - 2026-04-01 07:31:22,402|[WARNING]|1385|125399956784960|dlt|validate.py|verify_normalized_table:113|In schema `stg_postgres_timesheet_accounting`: The following columns in table 'hr_employee' did not receive any data during this load and therefore could not have their types inferred:
  - additional_note
  - allocation_type
  - attendance_manager_id
  - bank_account_id
  - barcode
  - children
  - contract_id
  - contract_type_id
  - country_id
  - country_of_birth
  - departure_date
  - departure_description
  - departure_reason_id
  - emergency_contact
  - emergency_phone
  - employee_properties
  - first_contract_date
  - identification_id
  - job_id
  - job_level_id
  - job_title
  - km_home_work
  - lang
  - manager_id
  - message_main_attachment_id
  - mobile_phone
  - notes
  - passport_id
  - payroll_period_group_id
  - permit_no
  - pin
  - place_of_birth
  - private_car_plate
  - private_city
  - private_country_id
  - private_phone
  - private_state_id
  - private_street
  - private_street2
  - private_zip
  - s_birth_place
  - s_blood_type
  - s_corporate_email
  - s_cost_center
  - s_current_address_postal_code
  - s_current_rate_original
  - s_current_rate_type_original
  - s_current_total_year_days_original
  - s_date_of_regularization
  - s_date_of_separation
  - s_generation
  - s_hdmf_frequency
  - s_hdmf_manual
  - s_hdmf_mode
  - s_hdmf_number
  - s_hourly_rate
  - s_ignore_date
  - s_job_grade
  - s_job_level
  - s_leave_balance
  - s_location
  - s_maiden_name
  - s_minimum_take_home
  - s_minimum_take_home_as_percentage_textbox
  - s_mode_of_payment
  - s_monthly_rate
  - s_new_rate
  - s_new_rate_type
  - s_new_total_year_days
  - s_nick_name
  - s_no_hours
  - s_other
  - s_payroll_schedule
  - s_permanent_address_postal_code
  - s_phic_frequency
  - s_phic_mode
  - s_phic_number
  - s_rate_classification
  - s_rate_type
  - s_rdo_code
  - s_religion
  - s_spouse_name
  - s_sss_frequency
  - s_sss_manual
  - s_sss_mode
  - s_sss_number
  - s_suffix
  - s_tin
  - s_user_responsible_id
  - s_whtax_frequency
  - s_whtax_mode
  - sinid
  - spouse_birthdate
  - spouse_complete_name
  - ssnid
  - state
  - study_field
  - study_school
  - vehicle
  - visa_expire
  - visa_no
  - work_location_id
  - work_permit_expiration_date
Unless type hints are provided, these columns will not be materialized in the destination.
One way to provide type hints is to use the 'columns' argument in the '@dlt.resource' decorator.  For example:
@dlt.resource(columns={'additional_note': {'data_type': 'text'}})
[2026-04-01T07:31:23.443+0000] {logging_mixin.py:190} INFO - [stg__accounting__postgres_timesheet] Loaded 01-04-2026.parquet → hr_employee: Pipeline stg_postgres_timesheet_accounting load step completed in 0.82 seconds
1 load package(s) were loaded to destination postgres and into dataset stg__accounting__postgres_timesheet
The postgres destination used postgresql://odoo:***@10.22.4.47:5432/raw_db location to store data
Load package 1775028681.3632479 is LOADED and contains no failed jobs (0 rows)
[2026-04-01T07:31:24.499+0000] {logging_mixin.py:190} INFO - [stg__accounting__postgres_timesheet] Loaded 01-04-2026.parquet → savvycom_unit: Pipeline stg_postgres_timesheet_accounting load step completed in 0.35 seconds
1 load package(s) were loaded to destination postgres and into dataset stg__accounting__postgres_timesheet
The postgres destination used postgresql://odoo:***@10.22.4.47:5432/raw_db location to store data
Load package 1775028683.6615105 is LOADED and contains no failed jobs (0 rows)
[2026-04-01T07:31:24.997+0000] {logging_mixin.py:190} WARNING - 2026-04-01 07:31:24,997|[WARNING]|1385|125399956784960|dlt|validate.py|verify_normalized_table:113|In schema `stg_postgres_timesheet_accounting`: The following columns in table 'sale_order' did not receive any data during this load and therefore could not have their types inferred:
  - analytic_account_id
  - campaign_id
  - client_order_ref
  - commitment_date
  - fiscal_position_id
  - journal_id
  - medium_id
  - note
  - payment_term_id
  - pending_email_template_id
  - reference
  - sale_order_template_id
  - signed_by
  - signed_on
  - source_id
Unless type hints are provided, these columns will not be materialized in the destination.
One way to provide type hints is to use the 'columns' argument in the '@dlt.resource' decorator.  For example:
@dlt.resource(columns={'analytic_account_id': {'data_type': 'text'}})
[2026-04-01T07:31:25.468+0000] {logging_mixin.py:190} INFO - [stg__accounting__postgres_timesheet] Loaded 01-04-2026.parquet → sale_order: Pipeline stg_postgres_timesheet_accounting load step completed in 0.28 seconds
1 load package(s) were loaded to destination postgres and into dataset stg__accounting__postgres_timesheet
The postgres destination used postgresql://odoo:***@10.22.4.47:5432/raw_db location to store data
Load package 1775028684.7451901 is LOADED and contains no failed jobs (0 rows)
[2026-04-01T07:31:25.469+0000] {logging_mixin.py:190} INFO - 
=======================================================
[2026-04-01T07:31:25.470+0000] {logging_mixin.py:190} INFO -   Stg Ingestion Summary — postgres_timesheet
[2026-04-01T07:31:25.472+0000] {logging_mixin.py:190} INFO - =======================================================
[2026-04-01T07:31:25.473+0000] {logging_mixin.py:190} INFO -   [OK] account_account                1 file(s)
[2026-04-01T07:31:25.474+0000] {logging_mixin.py:190} INFO -   [OK] account_account_account_tag    1 file(s)
[2026-04-01T07:31:25.475+0000] {logging_mixin.py:190} INFO -   [OK] account_account_tag            1 file(s)
[2026-04-01T07:31:25.476+0000] {logging_mixin.py:190} INFO -   [OK] account_analytic_account       1 file(s)
[2026-04-01T07:31:25.477+0000] {logging_mixin.py:190} INFO -   [OK] account_analytic_applicability 1 file(s)
[2026-04-01T07:31:25.478+0000] {logging_mixin.py:190} INFO -   [OK] account_analytic_plan          1 file(s)
[2026-04-01T07:31:25.479+0000] {logging_mixin.py:190} INFO -   [OK] account_bank_statement         1 file(s)
[2026-04-01T07:31:25.480+0000] {logging_mixin.py:190} INFO -   [OK] account_bank_statement_line    1 file(s)
[2026-04-01T07:31:25.481+0000] {logging_mixin.py:190} INFO -   [OK] account_full_reconcile         1 file(s)
[2026-04-01T07:31:25.482+0000] {logging_mixin.py:190} INFO -   [OK] account_incoterms              1 file(s)
[2026-04-01T07:31:25.483+0000] {logging_mixin.py:190} INFO -   [OK] account_journal                1 file(s)
[2026-04-01T07:31:25.484+0000] {logging_mixin.py:190} INFO -   [OK] account_move                   1 file(s)
[2026-04-01T07:31:25.485+0000] {logging_mixin.py:190} INFO -   [OK] account_move_line              1 file(s)
[2026-04-01T07:31:25.486+0000] {logging_mixin.py:190} INFO -   [OK] account_partial_reconcile      1 file(s)
[2026-04-01T07:31:25.488+0000] {logging_mixin.py:190} INFO -   [OK] account_payment                1 file(s)
[2026-04-01T07:31:25.489+0000] {logging_mixin.py:190} INFO -   [OK] account_payment_method         1 file(s)
[2026-04-01T07:31:25.490+0000] {logging_mixin.py:190} INFO -   [OK] account_payment_method_line    1 file(s)
[2026-04-01T07:31:25.491+0000] {logging_mixin.py:190} INFO -   [OK] account_payment_term           1 file(s)
[2026-04-01T07:31:25.492+0000] {logging_mixin.py:190} INFO -   [OK] account_payment_term_line      1 file(s)
[2026-04-01T07:31:25.492+0000] {logging_mixin.py:190} INFO -   [OK] account_reconcile_model        1 file(s)
[2026-04-01T07:31:25.493+0000] {logging_mixin.py:190} INFO -   [OK] account_reconcile_model_line   1 file(s)
[2026-04-01T07:31:25.494+0000] {logging_mixin.py:190} INFO -   [OK] account_report                 1 file(s)
[2026-04-01T07:31:25.495+0000] {logging_mixin.py:190} INFO -   [OK] account_report_column          1 file(s)
[2026-04-01T07:31:25.496+0000] {logging_mixin.py:190} INFO -   [OK] account_report_expression      1 file(s)
[2026-04-01T07:31:25.497+0000] {logging_mixin.py:190} INFO -   [OK] account_report_line            1 file(s)
[2026-04-01T07:31:25.498+0000] {logging_mixin.py:190} INFO -   [OK] account_tax                    1 file(s)
[2026-04-01T07:31:25.499+0000] {logging_mixin.py:190} INFO -   [OK] account_tax_group              1 file(s)
[2026-04-01T07:31:25.500+0000] {logging_mixin.py:190} INFO -   [OK] account_tax_repartition_line   1 file(s)
[2026-04-01T07:31:25.501+0000] {logging_mixin.py:190} INFO -   [OK] cost_allocation_unit           1 file(s)
[2026-04-01T07:31:25.502+0000] {logging_mixin.py:190} INFO -   [OK] savvycom_project_project       1 file(s)
[2026-04-01T07:31:25.503+0000] {logging_mixin.py:190} INFO -   [OK] savvycom_project_project_member 1 file(s)
[2026-04-01T07:31:25.503+0000] {logging_mixin.py:190} INFO -   [OK] adjusted_attendance_register   1 file(s)
[2026-04-01T07:31:25.504+0000] {logging_mixin.py:190} INFO -   [OK] hr_employee                    1 file(s)
[2026-04-01T07:31:25.505+0000] {logging_mixin.py:190} INFO -   [OK] savvycom_unit                  1 file(s)
[2026-04-01T07:31:25.507+0000] {logging_mixin.py:190} INFO -   [OK] sale_order                     1 file(s)
[2026-04-01T07:31:25.508+0000] {logging_mixin.py:190} INFO - =======================================================
[2026-04-01T07:31:25.509+0000] {logging_mixin.py:190} INFO - [brz2stg] Emitted dataset event: stg__accounting__postgres_timesheet
[2026-04-01T07:31:25.765+0000] {python.py:240} INFO - Done. Returned value was: {'row_count': 0}
[2026-04-01T07:31:25.813+0000] {taskinstance.py:340} INFO - ::group::Post task execution logs
[2026-04-01T07:31:25.815+0000] {taskinstance.py:352} INFO - Marking task as SUCCESS. dag_id=brz2stg_parquet2postgres_ingestion, task_id=load_to_warehouse, run_id=manual__2026-04-01T07:29:13.453418+00:00, execution_date=20260401T072913, start_date=20260401T072917, end_date=20260401T073125
[2026-04-01T07:31:25.823+0000] {taskinstance.py:3063} INFO - Creating event for DatasetModel(uri='stg__accounting__postgres_timesheet', extra={}) through aliases "brz2stg-output"
[2026-04-01T07:31:25.993+0000] {local_task_job_runner.py:266} INFO - Task exited with return code 0
[2026-04-01T07:31:26.015+0000] {taskinstance.py:3895} INFO - 0 downstream tasks scheduled from follow-on schedule check
[2026-04-01T07:31:26.019+0000] {local_task_job_runner.py:245} INFO - ::endgroup::
